wlroots detected
Daemonizing, log output will be stored in /home/vin/.config/keyd/app.log...
wlroots detected
Daemonizing, log output will be stored in /home/vin/.config/keyd/app.log...
wlroots detected
Daemonizing, log output will be stored in /home/vin/.config/keyd/app.log...
Active window: com-mitchellh-ghostty|
Active window: k9s|k9s
Active window: com-lazysql|lazysql
Active window: firefox|releases-basecamp-omarchy-original-profile-mozilla-firefox
Active window: firefox|releases-basecamp-omarchy-original-profile-mozilla-firefox
Active window: firefox|releases-basecamp-omarchy-original-profile-mozilla-firefox
Active window: k9s|k9s
Active window: k9s|k9s
Active window: k9s|k9s
Active window: firefox|releases-basecamp-omarchy-original-profile-mozilla-firefox
Active window: chrome-teams-microsoft-com-default|6-calendar-s3-fix-hour-business-team-weekly-microsoft-teams
Active window: slack|daniela-vianna-dm-payangel-slack
Active window: com-mitchellh-ghostty|
Active window: k9s|k9s
Active window: com-lazysql|lazysql
Active window: firefox|releases-basecamp-omarchy-original-profile-mozilla-firefox
Active window: firefox|releases-basecamp-omarchy-original-profile-mozilla-firefox
Active window: firefox|releases-basecamp-omarchy-original-profile-mozilla-firefox
Active window: com-mitchellh-ghostty|
Active window: com-mitchellh-ghostty|
Active window: com-mitchellh-ghostty|
Active window: firefox|releases-basecamp-omarchy-original-profile-mozilla-firefox
Active window: firefox|releases-basecamp-omarchy-original-profile-mozilla-firefox
Active window: firefox|releases-basecamp-omarchy-original-profile-mozilla-firefox
Active window: slack|daniela-vianna-dm-payangel-slack
Active window: slack|daniela-vianna-dm-payangel-slack
Active window: slack|daniela-vianna-dm-payangel-slack
Active window: chrome-teams-microsoft-com-default|6-calendar-s3-fix-hour-business-team-weekly-microsoft-teams
Active window: chrome-teams-microsoft-com-default|6-calendar-s3-fix-hour-business-team-weekly-microsoft-teams
Active window: chrome-teams-microsoft-com-default|6-calendar-s3-fix-hour-business-team-weekly-microsoft-teams
Active window: slack|daniela-vianna-dm-payangel-slack
Active window: slack|daniela-vianna-dm-payangel-slack
Active window: slack|daniela-vianna-dm-payangel-slack
Active window: chrome-teams-microsoft-com-default|6-calendar-s3-fix-hour-business-team-weekly-microsoft-teams
Active window: chrome-teams-microsoft-com-default|6-calendar-s3-fix-hour-business-team-weekly-microsoft-teams
Active window: chrome-teams-microsoft-com-default|6-calendar-s3-fix-hour-business-team-weekly-microsoft-teams
Active window: slack|daniela-vianna-dm-payangel-slack
Active window: slack|daniela-vianna-dm-payangel-slack
Active window: slack|daniela-vianna-dm-payangel-slack
Active window: chrome-teams-microsoft-com-default|6-calendar-s3-fix-hour-business-team-weekly-microsoft-teams
Active window: chrome-teams-microsoft-com-default|6-calendar-s3-fix-hour-business-team-weekly-microsoft-teams
Active window: chrome-teams-microsoft-com-default|6-calendar-s3-fix-hour-business-team-weekly-microsoft-teams
Active window: slack|daniela-vianna-dm-payangel-slack
Active window: slack|daniela-vianna-dm-payangel-slack
Active window: slack|daniela-vianna-dm-payangel-slack
Active window: chrome-teams-microsoft-com-default|6-calendar-s3-fix-hour-business-team-weekly-microsoft-teams
Active window: chrome-teams-microsoft-com-default|6-calendar-s3-fix-hour-business-team-weekly-microsoft-teams
Active window: chrome-teams-microsoft-com-default|6-calendar-s3-fix-hour-business-team-weekly-microsoft-teams
Active window: slack|daniela-vianna-dm-payangel-slack
Active window: slack|daniela-vianna-dm-payangel-slack
Active window: slack|daniela-vianna-dm-payangel-slack
Active window: chrome-teams-microsoft-com-default|6-calendar-s3-fix-hour-business-team-weekly-microsoft-teams
Active window: chrome-teams-microsoft-com-default|6-calendar-s3-fix-hour-business-team-weekly-microsoft-teams
Active window: chrome-teams-microsoft-com-default|6-calendar-s3-fix-hour-business-team-weekly-microsoft-teams
Active window: chrome-teams-microsoft-com-default|6-calendar-calendar-microsoft-teams
Active window: chrome-teams-microsoft-com-default|6-calendar-calendar-microsoft-teams
Active window: chrome-teams-microsoft-com-default|6-calendar-calendar-microsoft-teams
Active window: slack|daniela-vianna-dm-payangel-slack
Active window: slack|daniela-vianna-dm-payangel-slack
Active window: slack|daniela-vianna-dm-payangel-slack
Active window: firefox|releases-basecamp-omarchy-original-profile-mozilla-firefox
Active window: firefox|releases-basecamp-omarchy-original-profile-mozilla-firefox
Active window: firefox|releases-basecamp-omarchy-original-profile-mozilla-firefox
Active window: com-mitchellh-ghostty|
Active window: k9s|k9s
Active window: k9s|k9s
Active window: k9s|k9s
Active window: com-mitchellh-ghostty|
Active window: com-mitchellh-ghostty|
Active window: com-mitchellh-ghostty|
Active window: firefox|releases-basecamp-omarchy-original-profile-mozilla-firefox
Active window: firefox|releases-basecamp-omarchy-original-profile-mozilla-firefox
Active window: firefox|releases-basecamp-omarchy-original-profile-mozilla-firefox
Active window: chrome-teams-microsoft-com-default|6-calendar-calendar-microsoft-teams
Active window: chrome-teams-microsoft-com-default|6-calendar-calendar-microsoft-teams
Active window: chrome-teams-microsoft-com-default|6-calendar-calendar-microsoft-teams
Active window: firefox|releases-basecamp-omarchy-original-profile-mozilla-firefox
Active window: firefox|releases-basecamp-omarchy-original-profile-mozilla-firefox
Active window: firefox|releases-basecamp-omarchy-original-profile-mozilla-firefox
Active window: com-mitchellh-ghostty|
Active window: com-mitchellh-ghostty|
Active window: com-mitchellh-ghostty|
Active window: chrome-teams-microsoft-com-default|6-calendar-calendar-microsoft-teams
Active window: chrome-teams-microsoft-com-default|6-calendar-calendar-microsoft-teams
Active window: chrome-teams-microsoft-com-default|6-calendar-calendar-microsoft-teams
Active window: slack|daniela-vianna-dm-payangel-1-new-item-slack
Active window: slack|daniela-vianna-dm-payangel-1-new-item-slack
Active window: slack|daniela-vianna-dm-payangel-1-new-item-slack
Active window: slack|daniela-vianna-dm-payangel-1-new-item-slack
Active window: com-mitchellh-ghostty|
Active window: com-mitchellh-ghostty|
Active window: com-mitchellh-ghostty|
Active window: org-omarchy-screensaver|ghostty
Active window: com-mitchellh-ghostty|
Active window: com-mitchellh-ghostty|
Active window: com-mitchellh-ghostty|
Active window: slack|daniela-vianna-dm-payangel-1-new-item-slack
Active window: slack|daniela-vianna-dm-payangel-1-new-item-slack
Active window: slack|daniela-vianna-dm-payangel-1-new-item-slack
Active window: firefox|releases-basecamp-omarchy-original-profile-mozilla-firefox
Active window: firefox|releases-basecamp-omarchy-original-profile-mozilla-firefox
Active window: firefox|releases-basecamp-omarchy-original-profile-mozilla-firefox
Active window: slack|daniela-vianna-dm-payangel-1-new-item-slack
Active window: slack|daniela-vianna-dm-payangel-1-new-item-slack
Active window: slack|daniela-vianna-dm-payangel-1-new-item-slack
Active window: com-mitchellh-ghostty|
Traceback (most recent call last):
  File "/usr/bin/keyd-application-mapper", line 589, in <module>
    mon.run()
    ~~~~~~~^^
  File "/usr/bin/keyd-application-mapper", line 307, in run
    self.on_window_change(active_window['appid'], active_window['title'])
    ~~~~~~~~~~~~~~~~~~~~~^^^^^^^^^^^^^^^^^^^^^^^^^^^^^^^^^^^^^^^^^^^^^^^^
  File "/usr/bin/keyd-application-mapper", line 569, in on_window_change
    mtime = os.path.getmtime(CONFIG_PATH)
  File "<frozen genericpath>", line 91, in getmtime
FileNotFoundError: [Errno 2] No such file or directory: '/home/vin/.config/keyd/app.conf'
